PS C:\Users\chihi\OneDrive\Desktop\Task_Confirm File Revision History_20241115> mkdir git_challenge


    ディレクトリ: C:\Users\chihi\OneDrive\Desktop\Task
    _Confirm File Revision History_20241115


Mode                 LastWriteTime         Length Name
----                 -------------         ------ ----
d-----        2024/11/16     15:45                git_
                                                  chal
                                                  leng
                                                  e   


PS C:\Users\chihi\OneDrive\Desktop\Task_Confirm File Revision History_20241115> cd git_challenge
PS C:\Users\chihi\OneDrive\Desktop\Task_Confirm File Revision History_20241115\git_challenge> git init
Initialized empty Git repository in C:/Users/chihi/OneDrive/Desktop/Task_Confirm File Revision History_20241115/git_challenge/.git/
PS C:\Users\chihi\OneDrive\Desktop\Task_Confirm File Revision History_20241115\git_challenge> echo "Hello, world!" >> hello_world.txt
PS C:\Users\chihi\OneDrive\Desktop\Task_Confirm File Revision History_20241115\git_challenge> git add hello_world.txt
PS C:\Users\chihi\OneDrive\Desktop\Task_Confirm File Revision History_20241115\git_challenge> git commit -m "hellow_world.txtを追加"
[main (root-commit) 530cb4c] hellow_world.txtを追加
 1 file changed, 0 insertions(+), 0 deletions(-)       
 create mode 100644 hello_world.txt
PS C:\Users\chihi\OneDrive\Desktop\Task_Confirm File Revision History_20241115\git_challenge> echo "こんにちは、世界！" >> hello_world.txt
PS C:\Users\chihi\OneDrive\Desktop\Task_Confirm File Revision History_20241115\git_challenge> git add hello_world.txt
PS C:\Users\chihi\OneDrive\Desktop\Task_Confirm File Revision History_20241115\git_challenge> git commit -m "
日本語訳を追記" 
[main 3a4d029] 日本語訳を追記
 1 file changed, 0 insertions(+), 0 deletions(-)       
PS C:\Users\chihi\OneDrive\Desktop\Task_Confirm File Revision History_20241115\git_challenge> git log --oneline
3a4d029 (HEAD -> main) 日本語訳を追記
530cb4c hellow_world.txtを追加
PS C:\Users\chihi\OneDrive\Desktop\Task_Confirm File Revision History_20241115\git_challenge> cd ..
PS C:\Users\chihi\OneDrive\Desktop\Task_Confirm File Revision History_20241115> mkdir kadai_005


    ディレクトリ: C:\Users\chihi\OneDrive\Desktop\Task 
    _Confirm File Revision History_20241115


Mode                 LastWriteTime         Length Name 
----                 -------------         ------ ---- 
d-----        2024/11/16     15:54                kada
                                                  i_00 
                                                  5    


PS C:\Users\chihi\OneDrive\Desktop\Task_Confirm File Revision History_20241115>